mode: atomic
NotesService/internal/noteRepository/NotesPostgresRepo.go:14.58,16.2 1 0
NotesService/internal/noteRepository/NotesPostgresRepo.go:18.107,24.38 4 0
NotesService/internal/noteRepository/NotesPostgresRepo.go:24.38,26.3 1 0
NotesService/internal/noteRepository/NotesPostgresRepo.go:28.2,28.16 1 0
NotesService/internal/noteRepository/NotesPostgresRepo.go:31.81,36.16 3 0
NotesService/internal/noteRepository/NotesPostgresRepo.go:36.16,38.3 1 0
NotesService/internal/noteRepository/NotesPostgresRepo.go:39.2,40.19 2 0
NotesService/internal/noteRepository/NotesPostgresRepo.go:40.19,42.3 1 0
NotesService/internal/noteRepository/NotesPostgresRepo.go:43.2,43.12 1 0
NotesService/internal/noteRepository/NotesPostgresRepo.go:46.86,53.49 4 0
NotesService/internal/noteRepository/NotesPostgresRepo.go:53.49,55.3 1 0
NotesService/internal/noteRepository/NotesPostgresRepo.go:57.2,57.18 1 0
NotesService/internal/noteRepository/NotesPostgresRepo.go:60.81,64.16 3 0
NotesService/internal/noteRepository/NotesPostgresRepo.go:64.16,66.3 1 0
NotesService/internal/noteRepository/NotesPostgresRepo.go:67.2,70.18 3 0
NotesService/internal/noteRepository/NotesPostgresRepo.go:70.18,79.17 2 0
NotesService/internal/noteRepository/NotesPostgresRepo.go:79.17,81.4 1 0
NotesService/internal/noteRepository/NotesPostgresRepo.go:82.3,82.30 1 0
NotesService/internal/noteRepository/NotesPostgresRepo.go:84.2,84.35 1 0
NotesService/internal/noteRepository/NotesPostgresRepo.go:84.35,86.3 1 0
NotesService/internal/noteRepository/NotesPostgresRepo.go:88.2,88.19 1 0
NotesService/internal/noteRepository/NotesPostgresRepo.go:91.108,96.16 3 0
NotesService/internal/noteRepository/NotesPostgresRepo.go:96.16,98.3 1 0
NotesService/internal/noteRepository/NotesPostgresRepo.go:99.2,100.19 2 0
NotesService/internal/noteRepository/NotesPostgresRepo.go:100.19,102.3 1 0
NotesService/internal/noteRepository/NotesPostgresRepo.go:103.2,103.12 1 0
NotesService/configs/config.go:24.38,27.16 3 0
NotesService/configs/config.go:27.16,29.3 1 0
NotesService/configs/config.go:30.2,30.53 1 0
NotesService/configs/config.go:30.53,32.3 1 0
NotesService/configs/config.go:33.2,33.41 1 0
NotesService/configs/config.go:33.41,35.3 1 0
NotesService/configs/config.go:36.2,36.20 1 0
NotesService/configs/config.go:39.34,40.22 1 0
NotesService/configs/config.go:40.22,42.3 1 0
NotesService/configs/config.go:43.2,43.27 1 0
NotesService/configs/config.go:43.27,45.3 1 0
NotesService/configs/config.go:47.2,48.16 2 0
NotesService/configs/config.go:48.16,50.3 1 0
NotesService/configs/config.go:52.2,52.30 1 0
NotesService/configs/config.go:52.30,54.3 1 0
NotesService/configs/config.go:55.2,55.12 1 0
NotesService/internal/db/db.go:17.69,22.16 4 0
NotesService/internal/db/db.go:22.16,24.3 1 0
NotesService/internal/db/db.go:26.2,27.58 2 0
NotesService/internal/db/db.go:27.58,28.18 1 0
NotesService/internal/db/db.go:28.18,30.4 1 0
NotesService/internal/db/db.go:31.3,32.101 2 0
NotesService/internal/db/db.go:35.2,37.21 2 0
NotesService/internal/logger/logger.go:13.18,16.47 1 0
NotesService/internal/logger/logger.go:16.47,19.4 2 0
NotesService/internal/logger/logger.go:20.43,22.4 1 0
NotesService/internal/logger/logger.go:25.2,26.51 1 0
NotesService/internal/httpServer/httpServer.go:63.82,77.12 9 0
NotesService/internal/httpServer/httpServer.go:77.12,78.89 1 0
NotesService/internal/httpServer/httpServer.go:78.89,79.55 1 0
NotesService/internal/httpServer/httpServer.go:83.2,89.53 5 0
NotesService/internal/httpServer/httpServer.go:89.53,91.3 1 0
NotesService/internal/httpServer/httpServer.go:94.75,95.54 1 0
NotesService/internal/httpServer/httpServer.go:95.54,96.57 1 0
NotesService/internal/httpServer/httpServer.go:96.57,99.4 2 0
NotesService/internal/httpServer/httpServer.go:100.3,104.17 4 0
NotesService/internal/httpServer/httpServer.go:104.17,111.4 3 0
NotesService/internal/httpServer/httpServer.go:113.3,115.17 3 0
NotesService/internal/httpServer/httpServer.go:115.17,124.4 4 0
NotesService/internal/httpServer/httpServer.go:125.3,126.35 1 0
NotesService/internal/httpServer/httpServer.go:130.75,131.54 1 0
NotesService/internal/httpServer/httpServer.go:131.54,132.57 1 0
NotesService/internal/httpServer/httpServer.go:132.57,135.4 2 0
NotesService/internal/httpServer/httpServer.go:136.3,140.17 4 0
NotesService/internal/httpServer/httpServer.go:140.17,147.4 3 0
NotesService/internal/httpServer/httpServer.go:149.3,150.51 2 0
NotesService/internal/httpServer/httpServer.go:150.51,159.4 4 0
NotesService/internal/httpServer/httpServer.go:161.3,161.69 1 0
NotesService/internal/httpServer/httpServer.go:165.75,166.54 1 0
NotesService/internal/httpServer/httpServer.go:166.54,167.57 1 0
NotesService/internal/httpServer/httpServer.go:167.57,170.4 2 0
NotesService/internal/httpServer/httpServer.go:171.3,175.17 4 0
NotesService/internal/httpServer/httpServer.go:175.17,182.4 3 0
NotesService/internal/httpServer/httpServer.go:184.3,185.51 2 0
NotesService/internal/httpServer/httpServer.go:185.51,194.4 4 0
NotesService/internal/httpServer/httpServer.go:196.3,197.42 1 0
NotesService/internal/httpServer/httpServer.go:201.72,202.54 1 0
NotesService/internal/httpServer/httpServer.go:202.54,203.57 1 0
NotesService/internal/httpServer/httpServer.go:203.57,206.4 2 0
NotesService/internal/httpServer/httpServer.go:207.3,211.17 4 0
NotesService/internal/httpServer/httpServer.go:211.17,218.4 3 0
NotesService/internal/httpServer/httpServer.go:219.3,222.17 3 0
NotesService/internal/httpServer/httpServer.go:222.17,231.4 4 0
NotesService/internal/httpServer/httpServer.go:233.3,234.20 1 0
NotesService/internal/httpServer/httpServer.go:238.73,239.54 1 0
NotesService/internal/httpServer/httpServer.go:239.54,240.57 1 0
NotesService/internal/httpServer/httpServer.go:240.57,243.4 2 0
NotesService/internal/httpServer/httpServer.go:244.3,248.17 4 0
NotesService/internal/httpServer/httpServer.go:248.17,255.4 3 0
NotesService/internal/httpServer/httpServer.go:256.3,259.17 3 0
NotesService/internal/httpServer/httpServer.go:259.17,268.4 4 0
NotesService/internal/httpServer/httpServer.go:270.3,271.18 1 0
NotesService/internal/httpServer/httpServer.go:275.44,276.54 1 0
NotesService/internal/httpServer/httpServer.go:276.54,278.28 2 0
NotesService/internal/httpServer/httpServer.go:278.28,284.4 3 0
NotesService/internal/httpServer/httpServer.go:285.3,287.17 3 0
NotesService/internal/httpServer/httpServer.go:287.17,293.4 2 0
NotesService/internal/httpServer/httpServer.go:297.69,302.42 5 0
NotesService/internal/httpServer/httpServer.go:302.42,304.3 1 0
NotesService/internal/httpServer/httpServer.go:305.2,305.18 1 0
NotesService/internal/httpServer/httpServer.go:308.89,311.59 2 0
NotesService/internal/httpServer/httpServer.go:311.59,317.3 5 0
NotesService/internal/httpServer/httpServer.go:318.2,320.48 3 0
NotesService/internal/httpServer/httpServer.go:320.48,323.3 2 0
NotesService/internal/httpServer/httpServer.go:326.56,327.56 1 0
NotesService/internal/httpServer/httpServer.go:327.56,328.39 1 0
NotesService/internal/httpServer/httpServer.go:328.39,330.4 1 0
NotesService/internal/httpServer/httpServer.go:332.2,333.16 2 0
NotesService/internal/httpServer/httpServer.go:336.52,344.2 2 0
NotesService/internal/httpServer/httpServer.go:346.41,347.9 1 0
NotesService/internal/httpServer/httpServer.go:348.46,349.70 1 0
NotesService/internal/httpServer/httpServer.go:350.10,351.80 1 0
NotesService/cmd/main.go:17.13,22.16 4 0
NotesService/cmd/main.go:22.16,23.56 1 0
NotesService/cmd/main.go:26.2,29.16 3 0
NotesService/cmd/main.go:29.16,30.39 1 0
NotesService/cmd/main.go:32.2,39.8 6 0
NotesService/internal/noteService/NotesService.go:39.40,40.21 1 0
NotesService/internal/noteService/NotesService.go:40.21,42.3 1 0
NotesService/internal/noteService/NotesService.go:43.2,43.38 1 0
NotesService/internal/noteService/NotesService.go:43.38,45.3 1 0
NotesService/internal/noteService/NotesService.go:46.2,46.24 1 0
NotesService/internal/noteService/NotesService.go:46.24,48.3 1 0
NotesService/internal/noteService/NotesService.go:49.2,49.12 1 0
NotesService/internal/noteService/NotesService.go:52.40,53.14 1 0
NotesService/internal/noteService/NotesService.go:53.14,55.3 1 0
NotesService/internal/noteService/NotesService.go:56.2,56.21 1 0
NotesService/internal/noteService/NotesService.go:56.21,58.3 1 0
NotesService/internal/noteService/NotesService.go:59.2,59.12 1 0
NotesService/internal/noteService/NotesService.go:62.37,63.14 1 0
NotesService/internal/noteService/NotesService.go:63.14,65.3 1 0
NotesService/internal/noteService/NotesService.go:66.2,66.21 1 0
NotesService/internal/noteService/NotesService.go:66.21,68.3 1 0
NotesService/internal/noteService/NotesService.go:69.2,69.12 1 0
NotesService/internal/noteService/NotesService.go:72.40,73.14 1 0
NotesService/internal/noteService/NotesService.go:73.14,75.3 1 0
NotesService/internal/noteService/NotesService.go:76.2,76.21 1 0
NotesService/internal/noteService/NotesService.go:76.21,78.3 1 0
NotesService/internal/noteService/NotesService.go:79.2,79.38 1 0
NotesService/internal/noteService/NotesService.go:79.38,81.3 1 0
NotesService/internal/noteService/NotesService.go:82.2,82.24 1 0
NotesService/internal/noteService/NotesService.go:82.24,84.3 1 0
NotesService/internal/noteService/NotesService.go:85.2,85.12 1 0
NotesService/internal/noteService/NotesService.go:88.38,89.21 1 0
NotesService/internal/noteService/NotesService.go:89.21,91.3 1 0
NotesService/internal/noteService/NotesService.go:92.2,92.12 1 0
NotesService/internal/noteService/NotesService.go:95.61,97.2 1 0
NotesService/internal/noteService/NotesService.go:99.72,100.47 1 0
NotesService/internal/noteService/NotesService.go:100.47,102.3 1 0
NotesService/internal/noteService/NotesService.go:104.2,105.16 2 0
NotesService/internal/noteService/NotesService.go:105.16,107.3 1 0
NotesService/internal/noteService/NotesService.go:108.2,108.16 1 0
NotesService/internal/noteService/NotesService.go:111.65,112.47 1 0
NotesService/internal/noteService/NotesService.go:112.47,114.3 1 0
NotesService/internal/noteService/NotesService.go:116.2,116.68 1 0
NotesService/internal/noteService/NotesService.go:116.68,118.3 1 0
NotesService/internal/noteService/NotesService.go:119.2,119.12 1 0
NotesService/internal/noteService/NotesService.go:122.71,123.44 1 0
NotesService/internal/noteService/NotesService.go:123.44,125.3 1 0
NotesService/internal/noteService/NotesService.go:127.2,128.16 2 0
NotesService/internal/noteService/NotesService.go:128.16,130.3 1 0
NotesService/internal/noteService/NotesService.go:132.2,133.22 2 0
NotesService/internal/noteService/NotesService.go:136.73,137.45 1 0
NotesService/internal/noteService/NotesService.go:137.45,139.3 1 0
NotesService/internal/noteService/NotesService.go:141.2,142.16 2 0
NotesService/internal/noteService/NotesService.go:142.16,144.3 1 0
NotesService/internal/noteService/NotesService.go:145.2,146.33 2 0
NotesService/internal/noteService/NotesService.go:146.33,149.3 2 0
NotesService/internal/noteService/NotesService.go:150.2,150.23 1 0
NotesService/internal/noteService/NotesService.go:153.65,154.47 1 0
NotesService/internal/noteService/NotesService.go:154.47,156.3 1 0
NotesService/internal/noteService/NotesService.go:158.2,159.16 2 0
NotesService/internal/noteService/NotesService.go:159.16,161.3 1 0
NotesService/internal/noteService/NotesService.go:162.2,162.12 1 0
NotesService/internal/noteService/NotesService.go:165.54,175.2 2 0
NotesService/internal/middlewares/middlewareLog.go:21.57,23.2 1 0
NotesService/internal/middlewares/middlewareLog.go:25.65,27.2 1 0
NotesService/internal/middlewares/middlewareLog.go:29.64,32.2 2 0
NotesService/internal/middlewares/middlewareLog.go:34.60,35.54 1 0
NotesService/internal/middlewares/middlewareLog.go:35.54,37.22 2 0
NotesService/internal/middlewares/middlewareLog.go:37.22,39.4 1 0
NotesService/internal/middlewares/middlewareLog.go:41.3,53.50 8 0
NotesService/internal/middlewares/middlewareLog.go:53.50,55.4 1 0
NotesService/internal/middlewares/middlewareLog.go:56.3,56.50 1 0
NotesService/internal/middlewares/middlewareLog.go:56.50,58.4 1 0
NotesService/cmd/main.go:17.13,22.16 4 0
NotesService/cmd/main.go:22.16,23.56 1 0
NotesService/cmd/main.go:26.2,29.16 3 0
NotesService/cmd/main.go:29.16,30.39 1 0
NotesService/cmd/main.go:32.2,39.8 6 0
NotesService/configs/config.go:24.38,27.16 3 0
NotesService/configs/config.go:27.16,29.3 1 0
NotesService/configs/config.go:30.2,30.53 1 0
NotesService/configs/config.go:30.53,32.3 1 0
NotesService/configs/config.go:33.2,33.41 1 0
NotesService/configs/config.go:33.41,35.3 1 0
NotesService/configs/config.go:36.2,36.20 1 0
NotesService/configs/config.go:39.34,40.22 1 0
NotesService/configs/config.go:40.22,42.3 1 0
NotesService/configs/config.go:43.2,43.27 1 0
NotesService/configs/config.go:43.27,45.3 1 0
NotesService/configs/config.go:47.2,48.16 2 0
NotesService/configs/config.go:48.16,50.3 1 0
NotesService/configs/config.go:52.2,52.30 1 0
NotesService/configs/config.go:52.30,54.3 1 0
NotesService/configs/config.go:55.2,55.12 1 0
NotesService/internal/db/db.go:17.69,22.16 4 0
NotesService/internal/db/db.go:22.16,24.3 1 0
NotesService/internal/db/db.go:26.2,27.58 2 0
NotesService/internal/db/db.go:27.58,28.18 1 0
NotesService/internal/db/db.go:28.18,30.4 1 0
NotesService/internal/db/db.go:31.3,32.101 2 0
NotesService/internal/db/db.go:35.2,37.21 2 0
NotesService/internal/httpServer/httpServer.go:63.82,77.12 9 0
NotesService/internal/httpServer/httpServer.go:77.12,78.89 1 0
NotesService/internal/httpServer/httpServer.go:78.89,79.55 1 0
NotesService/internal/httpServer/httpServer.go:83.2,89.53 5 0
NotesService/internal/httpServer/httpServer.go:89.53,91.3 1 0
NotesService/internal/httpServer/httpServer.go:94.75,95.54 1 1
NotesService/internal/httpServer/httpServer.go:95.54,96.57 1 5
NotesService/internal/httpServer/httpServer.go:96.57,99.4 2 1
NotesService/internal/httpServer/httpServer.go:100.3,104.17 4 4
NotesService/internal/httpServer/httpServer.go:104.17,111.4 3 2
NotesService/internal/httpServer/httpServer.go:113.3,115.17 3 2
NotesService/internal/httpServer/httpServer.go:115.17,124.4 4 1
NotesService/internal/httpServer/httpServer.go:125.3,126.35 1 1
NotesService/internal/httpServer/httpServer.go:130.75,131.54 1 0
NotesService/internal/httpServer/httpServer.go:131.54,132.57 1 0
NotesService/internal/httpServer/httpServer.go:132.57,135.4 2 0
NotesService/internal/httpServer/httpServer.go:136.3,140.17 4 0
NotesService/internal/httpServer/httpServer.go:140.17,147.4 3 0
NotesService/internal/httpServer/httpServer.go:149.3,150.51 2 0
NotesService/internal/httpServer/httpServer.go:150.51,159.4 4 0
NotesService/internal/httpServer/httpServer.go:161.3,161.69 1 0
NotesService/internal/httpServer/httpServer.go:165.75,166.54 1 0
NotesService/internal/httpServer/httpServer.go:166.54,167.57 1 0
NotesService/internal/httpServer/httpServer.go:167.57,170.4 2 0
NotesService/internal/httpServer/httpServer.go:171.3,175.17 4 0
NotesService/internal/httpServer/httpServer.go:175.17,182.4 3 0
NotesService/internal/httpServer/httpServer.go:184.3,185.51 2 0
NotesService/internal/httpServer/httpServer.go:185.51,194.4 4 0
NotesService/internal/httpServer/httpServer.go:196.3,197.42 1 0
NotesService/internal/httpServer/httpServer.go:201.72,202.54 1 0
NotesService/internal/httpServer/httpServer.go:202.54,203.57 1 0
NotesService/internal/httpServer/httpServer.go:203.57,206.4 2 0
NotesService/internal/httpServer/httpServer.go:207.3,211.17 4 0
NotesService/internal/httpServer/httpServer.go:211.17,218.4 3 0
NotesService/internal/httpServer/httpServer.go:219.3,222.17 3 0
NotesService/internal/httpServer/httpServer.go:222.17,231.4 4 0
NotesService/internal/httpServer/httpServer.go:233.3,234.20 1 0
NotesService/internal/httpServer/httpServer.go:238.73,239.54 1 0
NotesService/internal/httpServer/httpServer.go:239.54,240.57 1 0
NotesService/internal/httpServer/httpServer.go:240.57,243.4 2 0
NotesService/internal/httpServer/httpServer.go:244.3,248.17 4 0
NotesService/internal/httpServer/httpServer.go:248.17,255.4 3 0
NotesService/internal/httpServer/httpServer.go:256.3,259.17 3 0
NotesService/internal/httpServer/httpServer.go:259.17,268.4 4 0
NotesService/internal/httpServer/httpServer.go:270.3,271.18 1 0
NotesService/internal/httpServer/httpServer.go:275.44,276.54 1 0
NotesService/internal/httpServer/httpServer.go:276.54,278.28 2 0
NotesService/internal/httpServer/httpServer.go:278.28,284.4 3 0
NotesService/internal/httpServer/httpServer.go:285.3,287.17 3 0
NotesService/internal/httpServer/httpServer.go:287.17,293.4 2 0
NotesService/internal/httpServer/httpServer.go:297.69,302.42 5 4
NotesService/internal/httpServer/httpServer.go:302.42,304.3 1 2
NotesService/internal/httpServer/httpServer.go:305.2,305.18 1 2
NotesService/internal/httpServer/httpServer.go:308.89,311.59 2 4
NotesService/internal/httpServer/httpServer.go:311.59,317.3 5 0
NotesService/internal/httpServer/httpServer.go:318.2,320.48 3 4
NotesService/internal/httpServer/httpServer.go:320.48,323.3 2 0
NotesService/internal/httpServer/httpServer.go:326.56,327.56 1 4
NotesService/internal/httpServer/httpServer.go:327.56,328.39 1 4
NotesService/internal/httpServer/httpServer.go:328.39,330.4 1 4
NotesService/internal/httpServer/httpServer.go:332.2,333.16 2 0
NotesService/internal/httpServer/httpServer.go:336.52,344.2 2 2
NotesService/internal/httpServer/httpServer.go:346.41,347.9 1 1
NotesService/internal/httpServer/httpServer.go:348.46,349.70 1 1
NotesService/internal/httpServer/httpServer.go:350.10,351.80 1 0
NotesService/internal/logger/logger.go:13.18,16.47 1 0
NotesService/internal/logger/logger.go:16.47,19.4 2 0
NotesService/internal/logger/logger.go:20.43,22.4 1 0
NotesService/internal/logger/logger.go:25.2,26.51 1 0
NotesService/internal/middlewares/middlewareLog.go:21.57,23.2 1 5
NotesService/internal/middlewares/middlewareLog.go:25.65,27.2 1 5
NotesService/internal/middlewares/middlewareLog.go:29.64,32.2 2 5
NotesService/internal/middlewares/middlewareLog.go:34.60,35.54 1 1
NotesService/internal/middlewares/middlewareLog.go:35.54,37.22 2 5
NotesService/internal/middlewares/middlewareLog.go:37.22,39.4 1 5
NotesService/internal/middlewares/middlewareLog.go:41.3,53.50 8 5
NotesService/internal/middlewares/middlewareLog.go:53.50,55.4 1 1
NotesService/internal/middlewares/middlewareLog.go:56.3,56.50 1 5
NotesService/internal/middlewares/middlewareLog.go:56.50,58.4 1 4
NotesService/internal/noteRepository/NotesPostgresRepo.go:14.58,16.2 1 1
NotesService/internal/noteRepository/NotesPostgresRepo.go:18.107,24.38 4 1
NotesService/internal/noteRepository/NotesPostgresRepo.go:24.38,26.3 1 0
NotesService/internal/noteRepository/NotesPostgresRepo.go:28.2,28.16 1 1
NotesService/internal/noteRepository/NotesPostgresRepo.go:31.81,36.16 3 0
NotesService/internal/noteRepository/NotesPostgresRepo.go:36.16,38.3 1 0
NotesService/internal/noteRepository/NotesPostgresRepo.go:39.2,40.19 2 0
NotesService/internal/noteRepository/NotesPostgresRepo.go:40.19,42.3 1 0
NotesService/internal/noteRepository/NotesPostgresRepo.go:43.2,43.12 1 0
NotesService/internal/noteRepository/NotesPostgresRepo.go:46.86,53.49 4 0
NotesService/internal/noteRepository/NotesPostgresRepo.go:53.49,55.3 1 0
NotesService/internal/noteRepository/NotesPostgresRepo.go:57.2,57.18 1 0
NotesService/internal/noteRepository/NotesPostgresRepo.go:60.81,64.16 3 0
NotesService/internal/noteRepository/NotesPostgresRepo.go:64.16,66.3 1 0
NotesService/internal/noteRepository/NotesPostgresRepo.go:67.2,70.18 3 0
NotesService/internal/noteRepository/NotesPostgresRepo.go:70.18,79.17 2 0
NotesService/internal/noteRepository/NotesPostgresRepo.go:79.17,81.4 1 0
NotesService/internal/noteRepository/NotesPostgresRepo.go:82.3,82.30 1 0
NotesService/internal/noteRepository/NotesPostgresRepo.go:84.2,84.35 1 0
NotesService/internal/noteRepository/NotesPostgresRepo.go:84.35,86.3 1 0
NotesService/internal/noteRepository/NotesPostgresRepo.go:88.2,88.19 1 0
NotesService/internal/noteRepository/NotesPostgresRepo.go:91.108,96.16 3 0
NotesService/internal/noteRepository/NotesPostgresRepo.go:96.16,98.3 1 0
NotesService/internal/noteRepository/NotesPostgresRepo.go:99.2,100.19 2 0
NotesService/internal/noteRepository/NotesPostgresRepo.go:100.19,102.3 1 0
NotesService/internal/noteRepository/NotesPostgresRepo.go:103.2,103.12 1 0
NotesService/internal/noteService/NotesService.go:39.40,40.21 1 2
NotesService/internal/noteService/NotesService.go:40.21,42.3 1 1
NotesService/internal/noteService/NotesService.go:43.2,43.38 1 1
NotesService/internal/noteService/NotesService.go:43.38,45.3 1 0
NotesService/internal/noteService/NotesService.go:46.2,46.24 1 1
NotesService/internal/noteService/NotesService.go:46.24,48.3 1 0
NotesService/internal/noteService/NotesService.go:49.2,49.12 1 1
NotesService/internal/noteService/NotesService.go:52.40,53.14 1 0
NotesService/internal/noteService/NotesService.go:53.14,55.3 1 0
NotesService/internal/noteService/NotesService.go:56.2,56.21 1 0
NotesService/internal/noteService/NotesService.go:56.21,58.3 1 0
NotesService/internal/noteService/NotesService.go:59.2,59.12 1 0
NotesService/internal/noteService/NotesService.go:62.37,63.14 1 0
NotesService/internal/noteService/NotesService.go:63.14,65.3 1 0
NotesService/internal/noteService/NotesService.go:66.2,66.21 1 0
NotesService/internal/noteService/NotesService.go:66.21,68.3 1 0
NotesService/internal/noteService/NotesService.go:69.2,69.12 1 0
NotesService/internal/noteService/NotesService.go:72.40,73.14 1 0
NotesService/internal/noteService/NotesService.go:73.14,75.3 1 0
NotesService/internal/noteService/NotesService.go:76.2,76.21 1 0
NotesService/internal/noteService/NotesService.go:76.21,78.3 1 0
NotesService/internal/noteService/NotesService.go:79.2,79.38 1 0
NotesService/internal/noteService/NotesService.go:79.38,81.3 1 0
NotesService/internal/noteService/NotesService.go:82.2,82.24 1 0
NotesService/internal/noteService/NotesService.go:82.24,84.3 1 0
NotesService/internal/noteService/NotesService.go:85.2,85.12 1 0
NotesService/internal/noteService/NotesService.go:88.38,89.21 1 0
NotesService/internal/noteService/NotesService.go:89.21,91.3 1 0
NotesService/internal/noteService/NotesService.go:92.2,92.12 1 0
NotesService/internal/noteService/NotesService.go:95.61,97.2 1 1
NotesService/internal/noteService/NotesService.go:99.72,100.47 1 2
NotesService/internal/noteService/NotesService.go:100.47,102.3 1 1
NotesService/internal/noteService/NotesService.go:104.2,105.16 2 1
NotesService/internal/noteService/NotesService.go:105.16,107.3 1 0
NotesService/internal/noteService/NotesService.go:108.2,108.16 1 1
NotesService/internal/noteService/NotesService.go:111.65,112.47 1 0
NotesService/internal/noteService/NotesService.go:112.47,114.3 1 0
NotesService/internal/noteService/NotesService.go:116.2,116.68 1 0
NotesService/internal/noteService/NotesService.go:116.68,118.3 1 0
NotesService/internal/noteService/NotesService.go:119.2,119.12 1 0
NotesService/internal/noteService/NotesService.go:122.71,123.44 1 0
NotesService/internal/noteService/NotesService.go:123.44,125.3 1 0
NotesService/internal/noteService/NotesService.go:127.2,128.16 2 0
NotesService/internal/noteService/NotesService.go:128.16,130.3 1 0
NotesService/internal/noteService/NotesService.go:132.2,133.22 2 0
NotesService/internal/noteService/NotesService.go:136.73,137.45 1 0
NotesService/internal/noteService/NotesService.go:137.45,139.3 1 0
NotesService/internal/noteService/NotesService.go:141.2,142.16 2 0
NotesService/internal/noteService/NotesService.go:142.16,144.3 1 0
NotesService/internal/noteService/NotesService.go:145.2,146.33 2 0
NotesService/internal/noteService/NotesService.go:146.33,149.3 2 0
NotesService/internal/noteService/NotesService.go:150.2,150.23 1 0
NotesService/internal/noteService/NotesService.go:153.65,154.47 1 0
NotesService/internal/noteService/NotesService.go:154.47,156.3 1 0
NotesService/internal/noteService/NotesService.go:158.2,159.16 2 0
NotesService/internal/noteService/NotesService.go:159.16,161.3 1 0
NotesService/internal/noteService/NotesService.go:162.2,162.12 1 0
NotesService/internal/noteService/NotesService.go:165.54,175.2 2 0
